mkdir -p build/c
gcc -std=c11 -O2 -w -Ivendored/mimalloc/include -Ivendored/mimalloc/src -DMI_OVERRIDE=1 -c -o build/c/prod_mimalloc.o vendored/mimalloc/src/static.c
gcc -std=c11 -O2 -w -DSQLITE_DQS=0 -DSQLITE_THREADSAFE=1 -c -o build/c/prod_sqlite3.o vendored/sqlite3/sqlite3.c
gcc -std=c11 -g -O1 -w -Ivendored/tre -O2 -c -o build/c/prod_tre.o vendored/tre/tre_all.c
gcc -std=c11 -D_DEFAULT_SOURCE -O2 -w -Iinternal/cbm -Iinternal/cbm/vendored/ts_runtime/include -Iinternal/cbm/vendored/ts_runtime/src -c -o build/c/prod_grammar_bash.o internal/cbm/grammar_bash.c
gcc -std=c11 -D_DEFAULT_SOURCE -O2 -w -Iinternal/cbm -Iinternal/cbm/vendored/ts_runtime/include -Iinternal/cbm/vendored/ts_runtime/src -c -o build/c/prod_grammar_c.o internal/cbm/grammar_c.c
gcc -std=c11 -D_DEFAULT_SOURCE -O2 -w -Iinternal/cbm -Iinternal/cbm/vendored/ts_runtime/include -Iinternal/cbm/vendored/ts_runtime/src -c -o build/c/prod_grammar_c_sharp.o internal/cbm/grammar_c_sharp.c
gcc -std=c11 -D_DEFAULT_SOURCE -O2 -w -Iinternal/cbm -Iinternal/cbm/vendored/ts_runtime/include -Iinternal/cbm/vendored/ts_runtime/src -c -o build/c/prod_grammar_clojure.o internal/cbm/grammar_clojure.c
gcc -std=c11 -D_DEFAULT_SOURCE -O2 -w -Iinternal/cbm -Iinternal/cbm/vendored/ts_runtime/include -Iinternal/cbm/vendored/ts_runtime/src -c -o build/c/prod_grammar_cmake.o internal/cbm/grammar_cmake.c
gcc -std=c11 -D_DEFAULT_SOURCE -O2 -w -Iinternal/cbm -Iinternal/cbm/vendored/ts_runtime/include -Iinternal/cbm/vendored/ts_runtime/src -c -o build/c/prod_grammar_cobol.o internal/cbm/grammar_cobol.c
gcc -std=c11 -D_DEFAULT_SOURCE -O2 -w -Iinternal/cbm -Iinternal/cbm/vendored/ts_runtime/include -Iinternal/cbm/vendored/ts_runtime/src -c -o build/c/prod_grammar_commonlisp.o internal/cbm/grammar_commonlisp.c
gcc -std=c11 -D_DEFAULT_SOURCE -O2 -w -Iinternal/cbm -Iinternal/cbm/vendored/ts_runtime/include -Iinternal/cbm/vendored/ts_runtime/src -c -o build/c/prod_grammar_cpp.o internal/cbm/grammar_cpp.c
gcc -std=c11 -D_DEFAULT_SOURCE -O2 -w -Iinternal/cbm -Iinternal/cbm/vendored/ts_runtime/include -Iinternal/cbm/vendored/ts_runtime/src -c -o build/c/prod_grammar_css.o internal/cbm/grammar_css.c
gcc -std=c11 -D_DEFAULT_SOURCE -O2 -w -Iinternal/cbm -Iinternal/cbm/vendored/ts_runtime/include -Iinternal/cbm/vendored/ts_runtime/src -c -o build/c/prod_grammar_cuda.o internal/cbm/grammar_cuda.c
gcc -std=c11 -D_DEFAULT_SOURCE -O2 -w -Iinternal/cbm -Iinternal/cbm/vendored/ts_runtime/include -Iinternal/cbm/vendored/ts_runtime/src -c -o build/c/prod_grammar_dart.o internal/cbm/grammar_dart.c
gcc -std=c11 -D_DEFAULT_SOURCE -O2 -w -Iinternal/cbm -Iinternal/cbm/vendored/ts_runtime/include -Iinternal/cbm/vendored/ts_runtime/src -c -o build/c/prod_grammar_dockerfile.o internal/cbm/grammar_dockerfile.c
gcc -std=c11 -D_DEFAULT_SOURCE -O2 -w -Iinternal/cbm -Iinternal/cbm/vendored/ts_runtime/include -Iinternal/cbm/vendored/ts_runtime/src -c -o build/c/prod_grammar_elisp.o internal/cbm/grammar_elisp.c
gcc -std=c11 -D_DEFAULT_SOURCE -O2 -w -Iinternal/cbm -Iinternal/cbm/vendored/ts_runtime/include -Iinternal/cbm/vendored/ts_runtime/src -c -o build/c/prod_grammar_elixir.o internal/cbm/grammar_elixir.c
gcc -std=c11 -D_DEFAULT_SOURCE -O2 -w -Iinternal/cbm -Iinternal/cbm/vendored/ts_runtime/include -Iinternal/cbm/vendored/ts_runtime/src -c -o build/c/prod_grammar_elm.o internal/cbm/grammar_elm.c
gcc -std=c11 -D_DEFAULT_SOURCE -O2 -w -Iinternal/cbm -Iinternal/cbm/vendored/ts_runtime/include -Iinternal/cbm/vendored/ts_runtime/src -c -o build/c/prod_grammar_erlang.o internal/cbm/grammar_erlang.c
gcc -std=c11 -D_DEFAULT_SOURCE -O2 -w -Iinternal/cbm -Iinternal/cbm/vendored/ts_runtime/include -Iinternal/cbm/vendored/ts_runtime/src -c -o build/c/prod_grammar_form.o internal/cbm/grammar_form.c
gcc -std=c11 -D_DEFAULT_SOURCE -O2 -w -Iinternal/cbm -Iinternal/cbm/vendored/ts_runtime/include -Iinternal/cbm/vendored/ts_runtime/src -c -o build/c/prod_grammar_fortran.o internal/cbm/grammar_fortran.c
gcc -std=c11 -D_DEFAULT_SOURCE -O2 -w -Iinternal/cbm -Iinternal/cbm/vendored/ts_runtime/include -Iinternal/cbm/vendored/ts_runtime/src -c -o build/c/prod_grammar_fsharp.o internal/cbm/grammar_fsharp.c
gcc -std=c11 -D_DEFAULT_SOURCE -O2 -w -Iinternal/cbm -Iinternal/cbm/vendored/ts_runtime/include -Iinternal/cbm/vendored/ts_runtime/src -c -o build/c/prod_grammar_glsl.o internal/cbm/grammar_glsl.c
gcc -std=c11 -D_DEFAULT_SOURCE -O2 -w -Iinternal/cbm -Iinternal/cbm/vendored/ts_runtime/include -Iinternal/cbm/vendored/ts_runtime/src -c -o build/c/prod_grammar_go.o internal/cbm/grammar_go.c
gcc -std=c11 -D_DEFAULT_SOURCE -O2 -w -Iinternal/cbm -Iinternal/cbm/vendored/ts_runtime/include -Iinternal/cbm/vendored/ts_runtime/src -c -o build/c/prod_grammar_graphql.o internal/cbm/grammar_graphql.c
gcc -std=c11 -D_DEFAULT_SOURCE -O2 -w -Iinternal/cbm -Iinternal/cbm/vendored/ts_runtime/include -Iinternal/cbm/vendored/ts_runtime/src -c -o build/c/prod_grammar_groovy.o internal/cbm/grammar_groovy.c
gcc -std=c11 -D_DEFAULT_SOURCE -O2 -w -Iinternal/cbm -Iinternal/cbm/vendored/ts_runtime/include -Iinternal/cbm/vendored/ts_runtime/src -c -o build/c/prod_grammar_haskell.o internal/cbm/grammar_haskell.c
gcc -std=c11 -D_DEFAULT_SOURCE -O2 -w -Iinternal/cbm -Iinternal/cbm/vendored/ts_runtime/include -Iinternal/cbm/vendored/ts_runtime/src -c -o build/c/prod_grammar_hcl.o internal/cbm/grammar_hcl.c
gcc -std=c11 -D_DEFAULT_SOURCE -O2 -w -Iinternal/cbm -Iinternal/cbm/vendored/ts_runtime/include -Iinternal/cbm/vendored/ts_runtime/src -c -o build/c/prod_grammar_html.o internal/cbm/grammar_html.c
gcc -std=c11 -D_DEFAULT_SOURCE -O2 -w -Iinternal/cbm -Iinternal/cbm/vendored/ts_runtime/include -Iinternal/cbm/vendored/ts_runtime/src -c -o build/c/prod_grammar_ini.o internal/cbm/grammar_ini.c
gcc -std=c11 -D_DEFAULT_SOURCE -O2 -w -Iinternal/cbm -Iinternal/cbm/vendored/ts_runtime/include -Iinternal/cbm/vendored/ts_runtime/src -c -o build/c/prod_grammar_java.o internal/cbm/grammar_java.c
gcc -std=c11 -D_DEFAULT_SOURCE -O2 -w -Iinternal/cbm -Iinternal/cbm/vendored/ts_runtime/include -Iinternal/cbm/vendored/ts_runtime/src -c -o build/c/prod_grammar_javascript.o internal/cbm/grammar_javascript.c
gcc -std=c11 -D_DEFAULT_SOURCE -O2 -w -Iinternal/cbm -Iinternal/cbm/vendored/ts_runtime/include -Iinternal/cbm/vendored/ts_runtime/src -c -o build/c/prod_grammar_json.o internal/cbm/grammar_json.c
gcc -std=c11 -D_DEFAULT_SOURCE -O2 -w -Iinternal/cbm -Iinternal/cbm/vendored/ts_runtime/include -Iinternal/cbm/vendored/ts_runtime/src -c -o build/c/prod_grammar_julia.o internal/cbm/grammar_julia.c
gcc -std=c11 -D_DEFAULT_SOURCE -O2 -w -Iinternal/cbm -Iinternal/cbm/vendored/ts_runtime/include -Iinternal/cbm/vendored/ts_runtime/src -c -o build/c/prod_grammar_kotlin.o internal/cbm/grammar_kotlin.c
gcc -std=c11 -D_DEFAULT_SOURCE -O2 -w -Iinternal/cbm -Iinternal/cbm/vendored/ts_runtime/include -Iinternal/cbm/vendored/ts_runtime/src -c -o build/c/prod_grammar_lean.o internal/cbm/grammar_lean.c
gcc -std=c11 -D_DEFAULT_SOURCE -O2 -w -Iinternal/cbm -Iinternal/cbm/vendored/ts_runtime/include -Iinternal/cbm/vendored/ts_runtime/src -c -o build/c/prod_grammar_lua.o internal/cbm/grammar_lua.c
gcc -std=c11 -D_DEFAULT_SOURCE -O2 -w -Iinternal/cbm -Iinternal/cbm/vendored/ts_runtime/include -Iinternal/cbm/vendored/ts_runtime/src -c -o build/c/prod_grammar_magma.o internal/cbm/grammar_magma.c
gcc -std=c11 -D_DEFAULT_SOURCE -O2 -w -Iinternal/cbm -Iinternal/cbm/vendored/ts_runtime/include -Iinternal/cbm/vendored/ts_runtime/src -c -o build/c/prod_grammar_makefile.o internal/cbm/grammar_makefile.c
gcc -std=c11 -D_DEFAULT_SOURCE -O2 -w -Iinternal/cbm -Iinternal/cbm/vendored/ts_runtime/include -Iinternal/cbm/vendored/ts_runtime/src -c -o build/c/prod_grammar_markdown.o internal/cbm/grammar_markdown.c
gcc -std=c11 -D_DEFAULT_SOURCE -O2 -w -Iinternal/cbm -Iinternal/cbm/vendored/ts_runtime/include -Iinternal/cbm/vendored/ts_runtime/src -c -o build/c/prod_grammar_matlab.o internal/cbm/grammar_matlab.c
gcc -std=c11 -D_DEFAULT_SOURCE -O2 -w -Iinternal/cbm -Iinternal/cbm/vendored/ts_runtime/include -Iinternal/cbm/vendored/ts_runtime/src -c -o build/c/prod_grammar_meson.o internal/cbm/grammar_meson.c
gcc -std=c11 -D_DEFAULT_SOURCE -O2 -w -Iinternal/cbm -Iinternal/cbm/vendored/ts_runtime/include -Iinternal/cbm/vendored/ts_runtime/src -c -o build/c/prod_grammar_nix.o internal/cbm/grammar_nix.c
gcc -std=c11 -D_DEFAULT_SOURCE -O2 -w -Iinternal/cbm -Iinternal/cbm/vendored/ts_runtime/include -Iinternal/cbm/vendored/ts_runtime/src -c -o build/c/prod_grammar_objc.o internal/cbm/grammar_objc.c
gcc -std=c11 -D_DEFAULT_SOURCE -O2 -w -Iinternal/cbm -Iinternal/cbm/vendored/ts_runtime/include -Iinternal/cbm/vendored/ts_runtime/src -c -o build/c/prod_grammar_ocaml.o internal/cbm/grammar_ocaml.c
gcc -std=c11 -D_DEFAULT_SOURCE -O2 -w -Iinternal/cbm -Iinternal/cbm/vendored/ts_runtime/include -Iinternal/cbm/vendored/ts_runtime/src -c -o build/c/prod_grammar_perl.o internal/cbm/grammar_perl.c
gcc -std=c11 -D_DEFAULT_SOURCE -O2 -w -Iinternal/cbm -Iinternal/cbm/vendored/ts_runtime/include -Iinternal/cbm/vendored/ts_runtime/src -c -o build/c/prod_grammar_php.o internal/cbm/grammar_php.c
gcc -std=c11 -D_DEFAULT_SOURCE -O2 -w -Iinternal/cbm -Iinternal/cbm/vendored/ts_runtime/include -Iinternal/cbm/vendored/ts_runtime/src -c -o build/c/prod_grammar_protobuf.o internal/cbm/grammar_protobuf.c
gcc -std=c11 -D_DEFAULT_SOURCE -O2 -w -Iinternal/cbm -Iinternal/cbm/vendored/ts_runtime/include -Iinternal/cbm/vendored/ts_runtime/src -c -o build/c/prod_grammar_python.o internal/cbm/grammar_python.c
gcc -std=c11 -D_DEFAULT_SOURCE -O2 -w -Iinternal/cbm -Iinternal/cbm/vendored/ts_runtime/include -Iinternal/cbm/vendored/ts_runtime/src -c -o build/c/prod_grammar_r.o internal/cbm/grammar_r.c
gcc -std=c11 -D_DEFAULT_SOURCE -O2 -w -Iinternal/cbm -Iinternal/cbm/vendored/ts_runtime/include -Iinternal/cbm/vendored/ts_runtime/src -c -o build/c/prod_grammar_ruby.o internal/cbm/grammar_ruby.c
gcc -std=c11 -D_DEFAULT_SOURCE -O2 -w -Iinternal/cbm -Iinternal/cbm/vendored/ts_runtime/include -Iinternal/cbm/vendored/ts_runtime/src -c -o build/c/prod_grammar_rust.o internal/cbm/grammar_rust.c
gcc -std=c11 -D_DEFAULT_SOURCE -O2 -w -Iinternal/cbm -Iinternal/cbm/vendored/ts_runtime/include -Iinternal/cbm/vendored/ts_runtime/src -c -o build/c/prod_grammar_scala.o internal/cbm/grammar_scala.c
gcc -std=c11 -D_DEFAULT_SOURCE -O2 -w -Iinternal/cbm -Iinternal/cbm/vendored/ts_runtime/include -Iinternal/cbm/vendored/ts_runtime/src -c -o build/c/prod_grammar_scss.o internal/cbm/grammar_scss.c
gcc -std=c11 -D_DEFAULT_SOURCE -O2 -w -Iinternal/cbm -Iinternal/cbm/vendored/ts_runtime/include -Iinternal/cbm/vendored/ts_runtime/src -c -o build/c/prod_grammar_sql.o internal/cbm/grammar_sql.c
gcc -std=c11 -D_DEFAULT_SOURCE -O2 -w -Iinternal/cbm -Iinternal/cbm/vendored/ts_runtime/include -Iinternal/cbm/vendored/ts_runtime/src -c -o build/c/prod_grammar_svelte.o internal/cbm/grammar_svelte.c
gcc -std=c11 -D_DEFAULT_SOURCE -O2 -w -Iinternal/cbm -Iinternal/cbm/vendored/ts_runtime/include -Iinternal/cbm/vendored/ts_runtime/src -c -o build/c/prod_grammar_swift.o internal/cbm/grammar_swift.c
gcc -std=c11 -D_DEFAULT_SOURCE -O2 -w -Iinternal/cbm -Iinternal/cbm/vendored/ts_runtime/include -Iinternal/cbm/vendored/ts_runtime/src -c -o build/c/prod_grammar_toml.o internal/cbm/grammar_toml.c
gcc -std=c11 -D_DEFAULT_SOURCE -O2 -w -Iinternal/cbm -Iinternal/cbm/vendored/ts_runtime/include -Iinternal/cbm/vendored/ts_runtime/src -c -o build/c/prod_grammar_tsx.o internal/cbm/grammar_tsx.c
gcc -std=c11 -D_DEFAULT_SOURCE -O2 -w -Iinternal/cbm -Iinternal/cbm/vendored/ts_runtime/include -Iinternal/cbm/vendored/ts_runtime/src -c -o build/c/prod_grammar_typescript.o internal/cbm/grammar_typescript.c
gcc -std=c11 -D_DEFAULT_SOURCE -O2 -w -Iinternal/cbm -Iinternal/cbm/vendored/ts_runtime/include -Iinternal/cbm/vendored/ts_runtime/src -c -o build/c/prod_grammar_verilog.o internal/cbm/grammar_verilog.c
gcc -std=c11 -D_DEFAULT_SOURCE -O2 -w -Iinternal/cbm -Iinternal/cbm/vendored/ts_runtime/include -Iinternal/cbm/vendored/ts_runtime/src -c -o build/c/prod_grammar_vim.o internal/cbm/grammar_vim.c
gcc -std=c11 -D_DEFAULT_SOURCE -O2 -w -Iinternal/cbm -Iinternal/cbm/vendored/ts_runtime/include -Iinternal/cbm/vendored/ts_runtime/src -c -o build/c/prod_grammar_vue.o internal/cbm/grammar_vue.c
gcc -std=c11 -D_DEFAULT_SOURCE -O2 -w -Iinternal/cbm -Iinternal/cbm/vendored/ts_runtime/include -Iinternal/cbm/vendored/ts_runtime/src -c -o build/c/prod_grammar_wolfram.o internal/cbm/grammar_wolfram.c
gcc -std=c11 -D_DEFAULT_SOURCE -O2 -w -Iinternal/cbm -Iinternal/cbm/vendored/ts_runtime/include -Iinternal/cbm/vendored/ts_runtime/src -c -o build/c/prod_grammar_xml.o internal/cbm/grammar_xml.c
gcc -std=c11 -D_DEFAULT_SOURCE -O2 -w -Iinternal/cbm -Iinternal/cbm/vendored/ts_runtime/include -Iinternal/cbm/vendored/ts_runtime/src -c -o build/c/prod_grammar_yaml.o internal/cbm/grammar_yaml.c
gcc -std=c11 -D_DEFAULT_SOURCE -O2 -w -Iinternal/cbm -Iinternal/cbm/vendored/ts_runtime/include -Iinternal/cbm/vendored/ts_runtime/src -c -o build/c/prod_grammar_zig.o internal/cbm/grammar_zig.c
gcc -std=c11 -D_DEFAULT_SOURCE -O2 -w -Iinternal/cbm -Iinternal/cbm/vendored/ts_runtime/include -Iinternal/cbm/vendored/ts_runtime/src -c -o build/c/prod_ts_runtime.o internal/cbm/ts_runtime.c
gcc -std=c11 -D_DEFAULT_SOURCE -O2 -w -Iinternal/cbm -Iinternal/cbm/vendored/ts_runtime/include -Iinternal/cbm/vendored/ts_runtime/src -c -o build/c/prod_lsp_all.o internal/cbm/lsp_all.c
g++ -std=c++14 -Wall -Wextra -Werror -Wno-unused-parameter -Iinternal/cbm -Iinternal/cbm/vendored/ts_runtime/include -O2 -w -Iinternal/cbm/vendored -c -o build/c/prod_preprocessor.o internal/cbm/preprocessor.cpp
gcc -std=c11 -D_DEFAULT_SOURCE -O2 -w -Ivendored -DMG_ENABLE_LOG=0 -c -o build/c/prod_mongoose.o vendored/mongoose/mongoose.c
gcc -std=c11 -D_DEFAULT_SOURCE -O2 -w -Iinternal/cbm -c -o build/c/prod_lz4.o internal/cbm/vendored/lz4/lz4.c
gcc -std=c11 -D_DEFAULT_SOURCE -O2 -w -Iinternal/cbm/vendored/lz4 -c -o build/c/prod_lz4hc.o internal/cbm/vendored/lz4/lz4hc.c
gcc -std=c11 -D_DEFAULT_SOURCE -D_GNU_SOURCE -Wall -Wextra -Werror -Wno-unused-parameter -Wno-sign-compare -Wno-format-truncation -Wno-unused-result -Wno-stringop-truncation -Wno-alloc-size-larger-than -Isrc -Ivendored -Ivendored/sqlite3 -Ivendored/mimalloc/include -Iinternal/cbm -Iinternal/cbm/vendored/ts_runtime/include  -O2  -o build/c/codebase-memory-mcp \
	src/main.c src/foundation/arena.c src/foundation/hash_table.c src/foundation/str_intern.c src/foundation/log.c src/foundation/str_util.c src/foundation/platform.c src/foundation/system_info.c src/foundation/slab_alloc.c src/foundation/yaml.c src/foundation/compat.c src/foundation/compat_thread.c src/foundation/compat_fs.c src/foundation/compat_regex.c src/foundation/mem.c src/foundation/diagnostics.c src/store/store.c src/cypher/cypher.c src/mcp/mcp.c src/discover/language.c src/discover/userconfig.c src/discover/gitignore.c src/discover/discover.c src/graph_buffer/graph_buffer.c src/pipeline/fqn.c src/pipeline/registry.c src/pipeline/pipeline.c src/pipeline/pipeline_incremental.c src/pipeline/worker_pool.c src/pipeline/pass_parallel.c src/pipeline/pass_definitions.c src/pipeline/pass_calls.c src/pipeline/pass_usages.c src/pipeline/pass_semantic.c src/pipeline/pass_tests.c src/pipeline/pass_githistory.c src/pipeline/pass_gitdiff.c src/pipeline/pass_configures.c src/pipeline/pass_configlink.c src/pipeline/pass_route_nodes.c src/pipeline/pass_enrichment.c src/pipeline/pass_envscan.c src/pipeline/pass_compile_commands.c src/pipeline/pass_infrascan.c src/pipeline/pass_k8s.c  src/traces/traces.c src/watcher/watcher.c src/cli/cli.c src/cli/progress_sink.c src/ui/config.c src/ui/http_server.c src/ui/layout3d.c src/ui/embedded_stub.c vendored/yyjson/yyjson.c \
	internal/cbm/cbm.c internal/cbm/extract_defs.c internal/cbm/extract_calls.c internal/cbm/extract_imports.c internal/cbm/extract_usages.c internal/cbm/extract_unified.c internal/cbm/extract_semantic.c internal/cbm/extract_type_refs.c internal/cbm/extract_type_assigns.c internal/cbm/extract_env_accesses.c internal/cbm/extract_k8s.c internal/cbm/helpers.c internal/cbm/lang_specs.c internal/cbm/service_patterns.c internal/cbm/ac.c internal/cbm/lz4_store.c internal/cbm/sqlite_writer.c \
	build/c/prod_mimalloc.o build/c/prod_sqlite3.o build/c/prod_tre.o build/c/prod_grammar_bash.o build/c/prod_grammar_c.o build/c/prod_grammar_c_sharp.o build/c/prod_grammar_clojure.o build/c/prod_grammar_cmake.o build/c/prod_grammar_cobol.o build/c/prod_grammar_commonlisp.o build/c/prod_grammar_cpp.o build/c/prod_grammar_css.o build/c/prod_grammar_cuda.o build/c/prod_grammar_dart.o build/c/prod_grammar_dockerfile.o build/c/prod_grammar_elisp.o build/c/prod_grammar_elixir.o build/c/prod_grammar_elm.o build/c/prod_grammar_erlang.o build/c/prod_grammar_form.o build/c/prod_grammar_fortran.o build/c/prod_grammar_fsharp.o build/c/prod_grammar_glsl.o build/c/prod_grammar_go.o build/c/prod_grammar_graphql.o build/c/prod_grammar_groovy.o build/c/prod_grammar_haskell.o build/c/prod_grammar_hcl.o build/c/prod_grammar_html.o build/c/prod_grammar_ini.o build/c/prod_grammar_java.o build/c/prod_grammar_javascript.o build/c/prod_grammar_json.o build/c/prod_grammar_julia.o build/c/prod_grammar_kotlin.o build/c/prod_grammar_lean.o build/c/prod_grammar_lua.o build/c/prod_grammar_magma.o build/c/prod_grammar_makefile.o build/c/prod_grammar_markdown.o build/c/prod_grammar_matlab.o build/c/prod_grammar_meson.o build/c/prod_grammar_nix.o build/c/prod_grammar_objc.o build/c/prod_grammar_ocaml.o build/c/prod_grammar_perl.o build/c/prod_grammar_php.o build/c/prod_grammar_protobuf.o build/c/prod_grammar_python.o build/c/prod_grammar_r.o build/c/prod_grammar_ruby.o build/c/prod_grammar_rust.o build/c/prod_grammar_scala.o build/c/prod_grammar_scss.o build/c/prod_grammar_sql.o build/c/prod_grammar_svelte.o build/c/prod_grammar_swift.o build/c/prod_grammar_toml.o build/c/prod_grammar_tsx.o build/c/prod_grammar_typescript.o build/c/prod_grammar_verilog.o build/c/prod_grammar_vim.o build/c/prod_grammar_vue.o build/c/prod_grammar_wolfram.o build/c/prod_grammar_xml.o build/c/prod_grammar_yaml.o build/c/prod_grammar_zig.o build/c/prod_ts_runtime.o build/c/prod_lsp_all.o build/c/prod_preprocessor.o build/c/prod_mongoose.o build/c/prod_lz4.o build/c/prod_lz4hc.o \
	-lm -lstdc++ -lpthread -lz  -lws2_32 -lpsapi -Wl,--allow-multiple-definition -Wl,--stack,8388608 -static 
Built: build/c/codebase-memory-mcp
